mikamihiroaki@mikamihiroakis-MacBook-Pro ~ % mkdir git_challenge
mikamihiroaki@mikamihiroakis-MacBook-Pro ~ % cd git_challenge
mikamihiroaki@mikamihiroakis-MacBook-Pro git_challenge % echo "Hello, world" >> hello_world.txt
mikamihiroaki@mikamihiroakis-MacBook-Pro git_challenge % git init
hint: Using 'master' as the name for the initial branch. This default branch name
hint: is subject to change. To configure the initial branch name to use in all
hint: of your new repositories, which will suppress this warning, call:
hint: 
hint: 	git config --global init.defaultBranch <name>
hint: 
hint: Names commonly chosen instead of 'master' are 'main', 'trunk' and
hint: 'development'. The just-created branch can be renamed via this command:
hint: 
hint: 	git branch -m <name>
Initialized empty Git repository in /Users/mikamihiroaki/git_challenge/.git/
mikamihiroaki@mikamihiroakis-MacBook-Pro git_challenge % git add hello_world.txt
mikamihiroaki@mikamihiroakis-MacBook-Pro git_challenge % git commit -m "hello_world.txtを追加"
[master (root-commit) 4fb584e] hello_world.txtを追加
 1 file changed, 1 insertion(+)
 create mode 100644 hello_world.txt
mikamihiroaki@mikamihiroakis-MacBook-Pro git_challenge % git log
commit 4fb584ea928faf509559e8031493698d59545384 (HEAD -> master)
Author: sititennbakki888 <little.circus.film.pierrot@gmail.com>
Date:   Tue Apr 23 22:19:27 2024 +0900

    hello_world.txtを追加
mikamihiroaki@mikamihiroakis-MacBook-Pro git_challenge % echo "こんにちは、世界 ！" >> hello_world.txt
mikamihiroaki@mikamihiroakis-MacBook-Pro git_challenge % git add hello_world.txt
mikamihiroaki@mikamihiroakis-MacBook-Pro git_challenge % git commit -m "日本語訳を追記"
[master 7657387] 日本語訳を追記
 1 file changed, 1 insertion(+)

mikamihiroaki@mikamihiroakis-MacBook-Pro git_challenge % git log --oneline
7657387 (HEAD -> master) 日本語訳を追記
4fb584e hello_world.txtを追加
mikamihiroaki@mikamihiroakis-MacBook-Pro git_challenge % 
